../Core/Src/kernel.c:8:6:osKernelInitialize	16	static
../Core/Src/kernel.c:29:11:allocateStack	16	static
../Core/Src/kernel.c:45:11:setup_stack	24	static
../Core/Src/kernel.c:67:9:findThreadByTID	24	static
../Core/Src/kernel.c:76:6:osCreateThread	24	static
../Core/Src/kernel.c:108:6:osCreateThreadWithDeadline	32	static
../Core/Src/kernel.c:120:6:osKernelStart	8	static,ignoring_inline_asm
../Core/Src/kernel.c:130:6:osYield	4	static,ignoring_inline_asm
../Core/Src/kernel.c:136:6:osSched	16	static,ignoring_inline_asm
../Core/Src/kernel.c:149:6:SVC_Handler_Main	24	static,ignoring_inline_asm
